'''
.remove(x)
This operation removes element x from the set.
If element x does not exist, it raises a KeyError.
The .remove(x) operation returns None.

Example

>>> s = set([1, 2, 3, 4, 5, 6, 7, 8, 9])
>>> s.remove(5)
>>> print s
set([1, 2, 3, 4, 6, 7, 8, 9])
>>> print s.remove(4)
None
>>> print s
set([1, 2, 3, 6, 7, 8, 9])
>>> s.remove(0)
KeyError: 0
.discard(x)
This operation also removes element x from the set.
If element x  does not exist, it does not raise a KeyError.
The .discard(x) operation returns None.

Example

>>> s = set([1, 2, 3, 4, 5, 6, 7, 8, 9])
>>> s.discard(5)
>>> print s
set([1, 2, 3, 4, 6, 7, 8, 9])
>>> print s.discard(4)
None
>>> print s
set([1, 2, 3, 6, 7, 8, 9])
>>> s.discard(0)
>>> print s
set([1, 2, 3, 6, 7, 8, 9])
.pop()
This operation removes and return an arbitrary element from the set.
If there are no elements to remove, it raises a KeyError.

Example

>>> s = set([1])
>>> print s.pop()
1
>>> print s
set([])
>>> print s.pop()
KeyError: pop from an empty set
Task
You have a non-empty set s , and you have to execute N  commands given in  lines.

The commands will be pop, remove and discard.

Input Format

The first line contains integer n, the number of elements in the set s.
The second line contains n space separated elements of set s .
All of the elements are non-negative integers, less than or equal to 9.
The third line contains integer N , the number of commands.
The next N lines contains either pop, remove and/or discard commands followed by their associated value.
'''


n = int(input())
s = set(map(int, input().split()))

N=int(input())

for i in range(N) :
    choice=input().split()
    if choice[0]=="pop" :
        s.pop()
    elif choice[0]=="remove" :
        s.remove(int(choice[1]))
    elif choice[0]=="discard" :
        s.discard(int(choice[1]))
print (sum(s))
